../Core/Src/main.c:86:5:main	16	static
../Core/Src/main.c:146:6:SystemClock_Config	96	static
../Core/Src/main.c:193:13:MX_ADC1_Init	24	static
../Core/Src/main.c:254:13:MX_USART1_UART_Init	8	static
../Core/Src/main.c:305:13:MX_USART2_UART_Init	8	static
../Core/Src/main.c:353:13:MX_GPIO_Init	48	static
../Core/Src/main.c:388:6:uart_transmit	16	static
../Core/Src/main.c:395:6:uart_print	16	static
../Core/Src/main.c:402:6:get_temp	32	static
../Core/Src/main.c:418:6:Error_Handler	8	static,ignoring_inline_asm
